// Jest Snapshot v1, https://goo.gl/fbAQLP

exports[`renders correctly 1`] = `
<View
  style={
    Object {
      "backgroundColor": "white",
      "flex": 1,
    }
  }
>
  <View
    style={
      Object {
        "flexDirection": "row",
        "marginTop": 20,
        "width": "100%",
      }
    }
  >
    <Image
      source={
        Object {
          "uri": "undefined",
        }
      }
      style={
        Object {
          "borderRadius": 100,
          "height": 60,
          "width": 60,
        }
      }
    />
    <View
      accessible={true}
      focusable={false}
      onClick={[Function]}
      onResponderGrant={[Function]}
      onResponderMove={[Function]}
      onResponderRelease={[Function]}
      onResponderTerminate={[Function]}
      onResponderTerminationRequest={[Function]}
      onStartShouldSetResponder={[Function]}
      style={
        Object {
          "marginLeft": "10%",
          "marginTop": "10%",
          "opacity": 1,
          "width": "100%",
        }
      }
    >
      <Text
        style={
          Object {
            "fontSize": 16,
            "marginBottom": 10,
            "marginLeft": -20,
            "marginTop": -30,
          }
        }
      />
      <Text
        style={
          Object {
            "color": "gray",
            "marginLeft": -20,
          }
        }
      />
      <View
        style={
          Object {
            "left": "58%",
            "top": -22,
            "width": 50,
          }
        }
      />
    </View>
    <View />
  </View>
  <View />
  <View
    style={
      Object {
        "alignSelf": "stretch",
        "borderBottomColor": "rgba(177,175,184,0.3)",
        "borderBottomWidth": 0.5,
        "marginTop": 8,
        "width": "100%",
      }
    }
  />
</View>
`;
